[     679ms] [WARNING] Multiple versions of FeatureGateClients found on the current page.
      The currently bound version is 0.0.0-development when module version 6.0.0 was loading. @ https://id-frontend.prod-east.frontend.public.atl-paas.net/assets/index.f4a4518d.js:42
[    1326ms] [WARNING] {msg: An error has occurred checking the feature gate. Only the first occurrence of this error is logged., gateName: use_frontend_feature_encoding_sdk_platform, error: Error: Client must be initialized before using this method
    at e.value (https://id-frontend.prod…} @ https://id-frontend.prod-east.frontend.public.atl-paas.net/assets/index.f4a4518d.js:39
[    1378ms] [INFO] Creating a worker from 'blob:https://id.atlassian.com/8e7cddcb-eea6-4dc2-864e-f1a20aa9e9ba' violates the following Content Security Policy directive: "script-src 'self' 'unsafe-inline' *.atl-paas.net https://recaptcha.net https://www.recaptcha.net https://accounts.google.com https://www.gstatic.com https://*.awswaf.com". Note that 'worker-src' was not explicitly set, so 'script-src' is used as a fallback. The policy is report-only, so the violation has been logged but no further action has been taken. @ https://id-frontend.prod-east.frontend.public.atl-paas.net/assets/index.f4a4518d.js:46
[    1382ms] [INFO] Creating a worker from 'blob:https://id.atlassian.com/61af8f0f-2a91-40e4-ad60-e2870d41c904' violates the following Content Security Policy directive: "script-src 'self' 'unsafe-inline' *.atl-paas.net https://recaptcha.net https://www.recaptcha.net https://accounts.google.com https://www.gstatic.com https://*.awswaf.com". Note that 'worker-src' was not explicitly set, so 'script-src' is used as a fallback. The policy is report-only, so the violation has been logged but no further action has been taken. @ https://id-frontend.prod-east.frontend.public.atl-paas.net/assets/index.f4a4518d.js:46
[    3525ms] [WARNING]   WARN  [Statsig] The user does not have the required id_type "tenantId" for Gate "platform-dst-shape-theme-default" @ https://id-frontend.prod-east.frontend.public.atl-paas.net/assets/index.f4a4518d.js:39
[    3623ms] [WARNING]   WARN  [Statsig] The user does not have the required id_type "atlassianAccountId" for Gate "platform-logo-rebrand" @ https://id-frontend.prod-east.frontend.public.atl-paas.net/assets/index.f4a4518d.js:39
[    4165ms] [ERROR] Framing 'https://www.recaptcha.net/' violates the following report-only Content Security Policy directive: "default-src 'self' *.atl-paas.net". The violation has been logged, but no further action has been taken. Note that 'frame-src' was not explicitly set, so 'default-src' is used as a fallback.
 @ https://www.gstatic.com/:0
[    5062ms] [INFO] Loading the stylesheet 'https://accounts.google.com/gsi/style' violates the following Content Security Policy directive: "style-src 'self' 'unsafe-inline' *.atl-paas.net". Note that 'style-src-elem' was not explicitly set, so 'style-src' is used as a fallback. The policy is report-only, so the violation has been logged but no further action has been taken. @ https://accounts.google.com/gsi/client:289
[    5068ms] [WARNING] [GSI_LOGGER]: Your client application uses one of the Google One Tap prompt UI status methods that may stop functioning when FedCM becomes mandatory. Refer to the migration guide to update your code accordingly and opt-in to FedCM to test your changes. Learn more: https://developers.google.com/identity/gsi/web/guides/fedcm-migration?s=dc#display_moment and https://developers.google.com/identity/gsi/web/guides/fedcm-migration?s=dc#skipped_moment @ https://id-frontend.prod-east.frontend.public.atl-paas.net/assets/index.f4a4518d.js:39
[    5073ms] [ERROR] Framing 'https://www.recaptcha.net/' violates the following report-only Content Security Policy directive: "default-src 'self' *.atl-paas.net". The violation has been logged, but no further action has been taken. Note that 'frame-src' was not explicitly set, so 'default-src' is used as a fallback.
 @ https://www.gstatic.com/:0
[    5083ms] [ERROR] Not signed in with the identity provider. @ https://id.atlassian.com/login?application=trello:0
[    6445ms] [ERROR] [GSI_LOGGER]: FedCM get() rejects with NetworkError: Error retrieving a token. @ https://id-frontend.prod-east.frontend.public.atl-paas.net/assets/index.f4a4518d.js:39
[   36550ms] [INFO] Connecting to 'https://www.recaptcha.net/recaptcha/enterprise/clr?k=6Le9VxMnAAAAALKRlj8jmKwUYmFTZWcF0y4o9QeD' violates the following Content Security Policy directive: "connect-src 'self' *.atl-paas.net https://*.atlassian.com https://*.ingest.sentry.io https://*.awswaf.com". The policy is report-only, so the violation has been logged but no further action has been taken. @ https://id-frontend.prod-east.frontend.public.atl-paas.net/assets/index.f4a4518d.js:42
[   36551ms] [INFO] Connecting to 'https://www.recaptcha.net/recaptcha/enterprise/clr?k=6Le9VxMnAAAAALKRlj8jmKwUYmFTZWcF0y4o9QeD' violates the following Content Security Policy directive: "connect-src 'self' *.atl-paas.net https://*.atlassian.com https://*.ingest.sentry.io https://*.awswaf.com". The policy is report-only, so the violation has been logged but no further action has been taken. @ https://id-frontend.prod-east.frontend.public.atl-paas.net/assets/index.f4a4518d.js:42
[   37611ms] [WARNING] [GSI_LOGGER]: google.accounts.id.initialize() is called multiple times. This could cause unexpected behavior and only the last initialized instance will be used. @ https://id-frontend.prod-east.frontend.public.atl-paas.net/assets/index.f4a4518d.js:39
[   37620ms] [WARNING] [GSI_LOGGER]: Your client application uses one of the Google One Tap prompt UI status methods that may stop functioning when FedCM becomes mandatory. Refer to the migration guide to update your code accordingly and opt-in to FedCM to test your changes. Learn more: https://developers.google.com/identity/gsi/web/guides/fedcm-migration?s=dc#display_moment and https://developers.google.com/identity/gsi/web/guides/fedcm-migration?s=dc#skipped_moment @ https://id-frontend.prod-east.frontend.public.atl-paas.net/assets/index.f4a4518d.js:39
[   37635ms] [ERROR] Not signed in with the identity provider. @ https://id.atlassian.com/signup?application=trello&email=invalid_user_123456%40invalid.com&redirectedFrom=login:0
[   37635ms] [ERROR] [GSI_LOGGER]: FedCM get() rejects with AbortError: signal is aborted without reason @ https://id-frontend.prod-east.frontend.public.atl-paas.net/assets/index.f4a4518d.js:39
[   37677ms] [ERROR] Framing 'https://www.recaptcha.net/' violates the following report-only Content Security Policy directive: "default-src 'self' *.atl-paas.net". The violation has been logged, but no further action has been taken. Note that 'frame-src' was not explicitly set, so 'default-src' is used as a fallback.
 @ https://www.gstatic.com/:0
[   37696ms] [WARNING] [GSI_LOGGER]: google.accounts.id.initialize() is called multiple times. This could cause unexpected behavior and only the last initialized instance will be used. @ https://id-frontend.prod-east.frontend.public.atl-paas.net/assets/index.f4a4518d.js:39
[   37709ms] [WARNING] [GSI_LOGGER]: Your client application uses one of the Google One Tap prompt UI status methods that may stop functioning when FedCM becomes mandatory. Refer to the migration guide to update your code accordingly and opt-in to FedCM to test your changes. Learn more: https://developers.google.com/identity/gsi/web/guides/fedcm-migration?s=dc#display_moment and https://developers.google.com/identity/gsi/web/guides/fedcm-migration?s=dc#skipped_moment @ https://id-frontend.prod-east.frontend.public.atl-paas.net/assets/index.f4a4518d.js:39
[   37716ms] [ERROR] Not signed in with the identity provider. @ https://id.atlassian.com/signup?application=trello&email=invalid_user_123456%40invalid.com&redirectedFrom=login:0
[   37774ms] [ERROR] Framing 'https://www.recaptcha.net/' violates the following report-only Content Security Policy directive: "default-src 'self' *.atl-paas.net". The violation has been logged, but no further action has been taken. Note that 'frame-src' was not explicitly set, so 'default-src' is used as a fallback.
 @ https://www.gstatic.com/:0
[   37798ms] [ERROR] Framing 'https://www.recaptcha.net/' violates the following report-only Content Security Policy directive: "default-src 'self' *.atl-paas.net". The violation has been logged, but no further action has been taken. Note that 'frame-src' was not explicitly set, so 'default-src' is used as a fallback.
 @ https://www.gstatic.com/:0
[   37888ms] [ERROR] Framing 'https://www.recaptcha.net/' violates the following report-only Content Security Policy directive: "default-src 'self' *.atl-paas.net". The violation has been logged, but no further action has been taken. Note that 'frame-src' was not explicitly set, so 'default-src' is used as a fallback.
 @ https://www.gstatic.com/:0
[   49344ms] [ERROR] [GSI_LOGGER]: FedCM get() rejects with NetworkError: Error retrieving a token. @ https://id-frontend.prod-east.frontend.public.atl-paas.net/assets/index.f4a4518d.js:39
