[      96ms] [ERROR] The source list for the Content Security Policy directive 'connect-src' contains an invalid source: '/gateway/api/ais/available-products'. It will be ignored. @ https://trello.com/:0
[      96ms] [ERROR] The source list for the Content Security Policy directive 'connect-src' contains an invalid source: '/gateway/api/cookie-integrator/api/onetrust/jwt'. It will be ignored. @ https://trello.com/:0
[      96ms] [ERROR] The Content Security Policy directive 'sandbox' is ignored when delivered in a report-only policy. @ https://trello.com/:0
[     116ms] [INFO] Loading the image 'https://www.trello.com/favicon.ico' violates the following Content Security Policy directive: "img-src 'self' blob: data: atlassian.com *.atlassian.com *.cookielaw.org *.gravatar.com *.wp.com fd-assets.prod.atl-paas.net pixel.pointmediatracker.com *.frontend.public.atl-paas.net *.prod.public.atl-paas.net cnv.event.prod.bidr.io *.doubleclick.net *.clicktale.net *.bing.com rlcdn.com reddit.com quora.com *.rlcdn.com *.reddit.com *.quora.com *.ctfassets.net  *.linkedin.com *.google.com *.google.com.au *.company-target.com *.facebook.com *.google-analytics.com *.twitter.com t.co *.intercomcdn.com *.intercomassets.com *.orangelogic.com *.googletagmanager.com img.logo.dev *.atlassian.net". The policy is report-only, so the violation has been logged but no further action has been taken. @ https://trello.com/:4740
[     144ms] [INFO] Loading the font 'https://dam-cdn.atl.orangelogic.com/CDNLink/AT12FH4' violates the following Content Security Policy directive: "font-src 'self' *.ctfassets.net *.intercomcdn.com *.gstatic.com *.atl-paas.net". The policy is report-only, so the violation has been logged but no further action has been taken. @ https://trello.com/:5593
[     145ms] [INFO] Loading the font 'https://dam-cdn.atl.orangelogic.com/CDNLink/AT14WAN' violates the following Content Security Policy directive: "font-src 'self' *.ctfassets.net *.intercomcdn.com *.gstatic.com *.atl-paas.net". The policy is report-only, so the violation has been logged but no further action has been taken. @ https://trello.com/:5593
[     145ms] [INFO] Loading the font 'https://dam-cdn.atl.orangelogic.com/CDNLink/AT12FH8' violates the following Content Security Policy directive: "font-src 'self' *.ctfassets.net *.intercomcdn.com *.gstatic.com *.atl-paas.net". The policy is report-only, so the violation has been logged but no further action has been taken. @ https://trello.com/:5593
[     146ms] [INFO] Loading the font 'https://dam-cdn.atl.orangelogic.com/CDNLink/AT14WCO' violates the following Content Security Policy directive: "font-src 'self' *.ctfassets.net *.intercomcdn.com *.gstatic.com *.atl-paas.net". The policy is report-only, so the violation has been logged but no further action has been taken. @ https://trello.com/:5593
[     146ms] [INFO] Loading the font 'https://dam-cdn.atl.orangelogic.com/CDNLink/AT12FAU' violates the following Content Security Policy directive: "font-src 'self' *.ctfassets.net *.intercomcdn.com *.gstatic.com *.atl-paas.net". The policy is report-only, so the violation has been logged but no further action has been taken. @ https://trello.com/:5593
[     146ms] [INFO] Loading the font 'https://dam-cdn.atl.orangelogic.com/CDNLink/AT14W49' violates the following Content Security Policy directive: "font-src 'self' *.ctfassets.net *.intercomcdn.com *.gstatic.com *.atl-paas.net". The policy is report-only, so the violation has been logged but no further action has been taken. @ https://trello.com/:5593
[     146ms] [INFO] Loading the font 'https://dam-cdn.atl.orangelogic.com/CDNLink/AT12FAY' violates the following Content Security Policy directive: "font-src 'self' *.ctfassets.net *.intercomcdn.com *.gstatic.com *.atl-paas.net". The policy is report-only, so the violation has been logged but no further action has been taken. @ https://trello.com/:5593
[     146ms] [INFO] Loading the font 'https://dam-cdn.atl.orangelogic.com/CDNLink/AT14W48' violates the following Content Security Policy directive: "font-src 'self' *.ctfassets.net *.intercomcdn.com *.gstatic.com *.atl-paas.net". The policy is report-only, so the violation has been logged but no further action has been taken. @ https://trello.com/:5593
[     146ms] [INFO] Loading the font 'https://dam-cdn.atl.orangelogic.com/CDNLink/AT12FC6' violates the following Content Security Policy directive: "font-src 'self' *.ctfassets.net *.intercomcdn.com *.gstatic.com *.atl-paas.net". The policy is report-only, so the violation has been logged but no further action has been taken. @ https://trello.com/:5593
[     146ms] [INFO] Loading the font 'https://dam-cdn.atl.orangelogic.com/CDNLink/AT14WAO' violates the following Content Security Policy directive: "font-src 'self' *.ctfassets.net *.intercomcdn.com *.gstatic.com *.atl-paas.net". The policy is report-only, so the violation has been logged but no further action has been taken. @ https://trello.com/:5593
[     147ms] [INFO] Loading the font 'https://dam-cdn.atl.orangelogic.com/CDNLink/AT12FGV' violates the following Content Security Policy directive: "font-src 'self' *.ctfassets.net *.intercomcdn.com *.gstatic.com *.atl-paas.net". The policy is report-only, so the violation has been logged but no further action has been taken. @ https://trello.com/:5593
[     147ms] [INFO] Loading the font 'https://dam-cdn.atl.orangelogic.com/CDNLink/AT14W96' violates the following Content Security Policy directive: "font-src 'self' *.ctfassets.net *.intercomcdn.com *.gstatic.com *.atl-paas.net". The policy is report-only, so the violation has been logged but no further action has been taken. @ https://trello.com/:5593
[     147ms] [INFO] Loading the font 'https://dam-cdn.atl.orangelogic.com/CDNLink/AT12FE8' violates the following Content Security Policy directive: "font-src 'self' *.ctfassets.net *.intercomcdn.com *.gstatic.com *.atl-paas.net". The policy is report-only, so the violation has been logged but no further action has been taken. @ https://trello.com/:5593
[     147ms] [INFO] Loading the font 'https://dam-cdn.atl.orangelogic.com/CDNLink/AT14W45' violates the following Content Security Policy directive: "font-src 'self' *.ctfassets.net *.intercomcdn.com *.gstatic.com *.atl-paas.net". The policy is report-only, so the violation has been logged but no further action has been taken. @ https://trello.com/:5593
[     147ms] [INFO] Loading the font 'https://dam-cdn.atl.orangelogic.com/CDNLink/AT12FAW' violates the following Content Security Policy directive: "font-src 'self' *.ctfassets.net *.intercomcdn.com *.gstatic.com *.atl-paas.net". The policy is report-only, so the violation has been logged but no further action has been taken. @ https://trello.com/:5593
[     147ms] [INFO] Loading the font 'https://dam-cdn.atl.orangelogic.com/CDNLink/AT14W47' violates the following Content Security Policy directive: "font-src 'self' *.ctfassets.net *.intercomcdn.com *.gstatic.com *.atl-paas.net". The policy is report-only, so the violation has been logged but no further action has been taken. @ https://trello.com/:5593
[     148ms] [INFO] Loading the font 'https://dam-cdn.atl.orangelogic.com/CDNLink/AT12FH6' violates the following Content Security Policy directive: "font-src 'self' *.ctfassets.net *.intercomcdn.com *.gstatic.com *.atl-paas.net". The policy is report-only, so the violation has been logged but no further action has been taken. @ https://trello.com/:5593
[     148ms] [INFO] Loading the font 'https://dam-cdn.atl.orangelogic.com/CDNLink/AT14W46' violates the following Content Security Policy directive: "font-src 'self' *.ctfassets.net *.intercomcdn.com *.gstatic.com *.atl-paas.net". The policy is report-only, so the violation has been logged but no further action has been taken. @ https://trello.com/:5593
[     148ms] [INFO] Loading the font 'https://dam-cdn.atl.orangelogic.com/CDNLink/AT12FC9' violates the following Content Security Policy directive: "font-src 'self' *.ctfassets.net *.intercomcdn.com *.gstatic.com *.atl-paas.net". The policy is report-only, so the violation has been logged but no further action has been taken. @ https://trello.com/:5593
[     148ms] [INFO] Loading the font 'https://dam-cdn.atl.orangelogic.com/CDNLink/AT14W95' violates the following Content Security Policy directive: "font-src 'self' *.ctfassets.net *.intercomcdn.com *.gstatic.com *.atl-paas.net". The policy is report-only, so the violation has been logged but no further action has been taken. @ https://trello.com/:5593
[     148ms] [INFO] Loading the font 'https://dam-cdn.atl.orangelogic.com/CDNLink/AT12FEP' violates the following Content Security Policy directive: "font-src 'self' *.ctfassets.net *.intercomcdn.com *.gstatic.com *.atl-paas.net". The policy is report-only, so the violation has been logged but no further action has been taken. @ https://trello.com/:5593
[     148ms] [INFO] Loading the font 'https://dam-cdn.atl.orangelogic.com/CDNLink/AT14W42' violates the following Content Security Policy directive: "font-src 'self' *.ctfassets.net *.intercomcdn.com *.gstatic.com *.atl-paas.net". The policy is report-only, so the violation has been logged but no further action has been taken. @ https://trello.com/:5593
[     149ms] [INFO] Loading the font 'https://dam-cdn.atl.orangelogic.com/CDNLink/AT12FCE' violates the following Content Security Policy directive: "font-src 'self' *.ctfassets.net *.intercomcdn.com *.gstatic.com *.atl-paas.net". The policy is report-only, so the violation has been logged but no further action has been taken. @ https://trello.com/:5593
[     149ms] [INFO] Loading the font 'https://dam-cdn.atl.orangelogic.com/CDNLink/AT14W93' violates the following Content Security Policy directive: "font-src 'self' *.ctfassets.net *.intercomcdn.com *.gstatic.com *.atl-paas.net". The policy is report-only, so the violation has been logged but no further action has been taken. @ https://trello.com/:5593
[     149ms] [INFO] Loading the font 'https://dam-cdn.atl.orangelogic.com/CDNLink/AT12FED' violates the following Content Security Policy directive: "font-src 'self' *.ctfassets.net *.intercomcdn.com *.gstatic.com *.atl-paas.net". The policy is report-only, so the violation has been logged but no further action has been taken. @ https://trello.com/:5593
[     149ms] [INFO] Loading the font 'https://dam-cdn.atl.orangelogic.com/CDNLink/AT14W94' violates the following Content Security Policy directive: "font-src 'self' *.ctfassets.net *.intercomcdn.com *.gstatic.com *.atl-paas.net". The policy is report-only, so the violation has been logged but no further action has been taken. @ https://trello.com/:5593
[     149ms] [INFO] Loading the font 'https://dam-cdn.atl.orangelogic.com/CDNLink/AT12FI9' violates the following Content Security Policy directive: "font-src 'self' *.ctfassets.net *.intercomcdn.com *.gstatic.com *.atl-paas.net". The policy is report-only, so the violation has been logged but no further action has been taken. @ https://trello.com/:5593
[     149ms] [INFO] Loading the font 'https://dam-cdn.atl.orangelogic.com/CDNLink/AT14W92' violates the following Content Security Policy directive: "font-src 'self' *.ctfassets.net *.intercomcdn.com *.gstatic.com *.atl-paas.net". The policy is report-only, so the violation has been logged but no further action has been taken. @ https://trello.com/:5593
[     149ms] [INFO] Loading the font 'https://dam-cdn.atl.orangelogic.com/CDNLink/AT12FHV' violates the following Content Security Policy directive: "font-src 'self' *.ctfassets.net *.intercomcdn.com *.gstatic.com *.atl-paas.net". The policy is report-only, so the violation has been logged but no further action has been taken. @ https://trello.com/:5593
[     150ms] [INFO] Loading the font 'https://dam-cdn.atl.orangelogic.com/CDNLink/AT13O40' violates the following Content Security Policy directive: "font-src 'self' *.ctfassets.net *.intercomcdn.com *.gstatic.com *.atl-paas.net". The policy is report-only, so the violation has been logged but no further action has been taken. @ https://trello.com/:5593
[     150ms] [INFO] Loading the font 'https://dam-cdn.atl.orangelogic.com/CDNLink/AT12FIC' violates the following Content Security Policy directive: "font-src 'self' *.ctfassets.net *.intercomcdn.com *.gstatic.com *.atl-paas.net". The policy is report-only, so the violation has been logged but no further action has been taken. @ https://trello.com/:5593
[     150ms] [INFO] Loading the font 'https://dam-cdn.atl.orangelogic.com/CDNLink/AT13NYX' violates the following Content Security Policy directive: "font-src 'self' *.ctfassets.net *.intercomcdn.com *.gstatic.com *.atl-paas.net". The policy is report-only, so the violation has been logged but no further action has been taken. @ https://trello.com/:5593
[     150ms] [INFO] Loading the font 'https://dam-cdn.atl.orangelogic.com/CDNLink/AT12FDQ' violates the following Content Security Policy directive: "font-src 'self' *.ctfassets.net *.intercomcdn.com *.gstatic.com *.atl-paas.net". The policy is report-only, so the violation has been logged but no further action has been taken. @ https://trello.com/:5593
[     150ms] [INFO] Loading the font 'https://dam-cdn.atl.orangelogic.com/CDNLink/AT13O59' violates the following Content Security Policy directive: "font-src 'self' *.ctfassets.net *.intercomcdn.com *.gstatic.com *.atl-paas.net". The policy is report-only, so the violation has been logged but no further action has been taken. @ https://trello.com/:5593
[     150ms] [INFO] Loading the font 'https://dam-cdn.atl.orangelogic.com/CDNLink/AT12FDL' violates the following Content Security Policy directive: "font-src 'self' *.ctfassets.net *.intercomcdn.com *.gstatic.com *.atl-paas.net". The policy is report-only, so the violation has been logged but no further action has been taken. @ https://trello.com/:5593
[     150ms] [INFO] Loading the font 'https://dam-cdn.atl.orangelogic.com/CDNLink/AT13O4A' violates the following Content Security Policy directive: "font-src 'self' *.ctfassets.net *.intercomcdn.com *.gstatic.com *.atl-paas.net". The policy is report-only, so the violation has been logged but no further action has been taken. @ https://trello.com/:5593
[     150ms] [INFO] Loading the font 'https://dam-cdn.atl.orangelogic.com/CDNLink/AT12FKT' violates the following Content Security Policy directive: "font-src 'self' *.ctfassets.net *.intercomcdn.com *.gstatic.com *.atl-paas.net". The policy is report-only, so the violation has been logged but no further action has been taken. @ https://trello.com/:5593
[     151ms] [INFO] Loading the font 'https://dam-cdn.atl.orangelogic.com/CDNLink/AT143CV' violates the following Content Security Policy directive: "font-src 'self' *.ctfassets.net *.intercomcdn.com *.gstatic.com *.atl-paas.net". The policy is report-only, so the violation has been logged but no further action has been taken. @ https://trello.com/:5593
[     151ms] [INFO] Loading the font 'https://dam-cdn.atl.orangelogic.com/CDNLink/AT12FER' violates the following Content Security Policy directive: "font-src 'self' *.ctfassets.net *.intercomcdn.com *.gstatic.com *.atl-paas.net". The policy is report-only, so the violation has been logged but no further action has been taken. @ https://trello.com/:5593
[     151ms] [INFO] Loading the font 'https://dam-cdn.atl.orangelogic.com/CDNLink/AT143AK' violates the following Content Security Policy directive: "font-src 'self' *.ctfassets.net *.intercomcdn.com *.gstatic.com *.atl-paas.net". The policy is report-only, so the violation has been logged but no further action has been taken. @ https://trello.com/:5593
[     151ms] [INFO] Loading the font 'https://dam-cdn.atl.orangelogic.com/CDNLink/AT12FKV' violates the following Content Security Policy directive: "font-src 'self' *.ctfassets.net *.intercomcdn.com *.gstatic.com *.atl-paas.net". The policy is report-only, so the violation has been logged but no further action has been taken. @ https://trello.com/:5593
[     151ms] [INFO] Loading the font 'https://dam-cdn.atl.orangelogic.com/CDNLink/AT143DM' violates the following Content Security Policy directive: "font-src 'self' *.ctfassets.net *.intercomcdn.com *.gstatic.com *.atl-paas.net". The policy is report-only, so the violation has been logged but no further action has been taken. @ https://trello.com/:5593
[     151ms] [INFO] Loading the font 'https://dam-cdn.atl.orangelogic.com/CDNLink/AT12FF8' violates the following Content Security Policy directive: "font-src 'self' *.ctfassets.net *.intercomcdn.com *.gstatic.com *.atl-paas.net". The policy is report-only, so the violation has been logged but no further action has been taken. @ https://trello.com/:5593
[     151ms] [INFO] Loading the font 'https://dam-cdn.atl.orangelogic.com/CDNLink/AT143D8' violates the following Content Security Policy directive: "font-src 'self' *.ctfassets.net *.intercomcdn.com *.gstatic.com *.atl-paas.net". The policy is report-only, so the violation has been logged but no further action has been taken. @ https://trello.com/:5593
[     151ms] [INFO] Loading the font 'https://dam-cdn.atl.orangelogic.com/CDNLink/AT12FIA' violates the following Content Security Policy directive: "font-src 'self' *.ctfassets.net *.intercomcdn.com *.gstatic.com *.atl-paas.net". The policy is report-only, so the violation has been logged but no further action has been taken. @ https://trello.com/:5593
[     152ms] [INFO] Loading the font 'https://dam-cdn.atl.orangelogic.com/CDNLink/AT143AA' violates the following Content Security Policy directive: "font-src 'self' *.ctfassets.net *.intercomcdn.com *.gstatic.com *.atl-paas.net". The policy is report-only, so the violation has been logged but no further action has been taken. @ https://trello.com/:5593
[     152ms] [INFO] Loading the font 'https://dam-cdn.atl.orangelogic.com/CDNLink/AT12FEL' violates the following Content Security Policy directive: "font-src 'self' *.ctfassets.net *.intercomcdn.com *.gstatic.com *.atl-paas.net". The policy is report-only, so the violation has been logged but no further action has been taken. @ https://trello.com/:5593
[     152ms] [INFO] Loading the font 'https://dam-cdn.atl.orangelogic.com/CDNLink/AT143A2' violates the following Content Security Policy directive: "font-src 'self' *.ctfassets.net *.intercomcdn.com *.gstatic.com *.atl-paas.net". The policy is report-only, so the violation has been logged but no further action has been taken. @ https://trello.com/:5593
[     152ms] [INFO] Loading the font 'https://dam-cdn.atl.orangelogic.com/CDNLink/AT12FB1' violates the following Content Security Policy directive: "font-src 'self' *.ctfassets.net *.intercomcdn.com *.gstatic.com *.atl-paas.net". The policy is report-only, so the violation has been logged but no further action has been taken. @ https://trello.com/:5593
[     152ms] [INFO] Loading the font 'https://dam-cdn.atl.orangelogic.com/CDNLink/AT13NZM' violates the following Content Security Policy directive: "font-src 'self' *.ctfassets.net *.intercomcdn.com *.gstatic.com *.atl-paas.net". The policy is report-only, so the violation has been logged but no further action has been taken. @ https://trello.com/:5593
[     152ms] [INFO] Loading the font 'https://dam-cdn.atl.orangelogic.com/CDNLink/AT12EZ0' violates the following Content Security Policy directive: "font-src 'self' *.ctfassets.net *.intercomcdn.com *.gstatic.com *.atl-paas.net". The policy is report-only, so the violation has been logged but no further action has been taken. @ https://trello.com/:5593
[     152ms] [INFO] Loading the font 'https://dam-cdn.atl.orangelogic.com/CDNLink/AT13O5K' violates the following Content Security Policy directive: "font-src 'self' *.ctfassets.net *.intercomcdn.com *.gstatic.com *.atl-paas.net". The policy is report-only, so the violation has been logged but no further action has been taken. @ https://trello.com/:5593
[     430ms] [WARNING] Multiple versions of FeatureGateClients found on the current page.
      The currently bound version is 4.26.5 when module version 0.0.0-development was loading. @ https://trello-bifrost.prod-east.frontend.public.atl-paas.net/assets/trello-test-page.44cd92aa.js:0
[     449ms] [WARNING] Multiple versions of FeatureGateClients found on the current page.
      The currently bound version is 4.26.5 when module version 0.0.0-development was loading. @ https://trello-bifrost.prod-east.frontend.public.atl-paas.net/assets/trello-test-page.44cd92aa.js:0
[     511ms] [WARNING] Multiple versions of FeatureGateClients found on the current page.
      The currently bound version is 4.26.5 when module version 0.0.0-development was loading. @ https://trello-bifrost.prod-east.frontend.public.atl-paas.net/assets/trello-test-page.44cd92aa.js:4439
[     526ms] [WARNING] {msg: An error has occurred checking the feature gate. Only the first occurrence of this error is logged., gateName: platform_ufo_enable_otel_context_manager, error: Error: Client must be initialized before using this method
    at e.value (https://trello-bifrost.p…} @ https://trello-bifrost.prod-east.frontend.public.atl-paas.net/assets/trello-test-page.44cd92aa.js:1114
[     880ms] [ERROR] Access to fetch at 'https://www.atlassian.com/gateway/api/ais/available-products' from origin 'https://trello.com' has been blocked by CORS policy: Response to preflight request doesn't pass access control check: No 'Access-Control-Allow-Origin' header is present on the requested resource. @ https://trello.com/:0
[     881ms] [ERROR] Failed to load resource: net::ERR_FAILED @ https://www.atlassian.com/gateway/api/ais/available-products:0
[     915ms] [ERROR] Access to fetch at 'https://www.atlassian.com/gateway/api/ais/available-products' from origin 'https://trello.com' has been blocked by CORS policy: Response to preflight request doesn't pass access control check: No 'Access-Control-Allow-Origin' header is present on the requested resource. @ https://trello.com/:0
[     915ms] [ERROR] Failed to load resource: net::ERR_FAILED @ https://www.atlassian.com/gateway/api/ais/available-products:0
[     997ms] [ERROR] The source list for the Content Security Policy directive 'connect-src' contains an invalid source: '/gateway/api/ais/available-products'. It will be ignored. @ https://www.gstatic.com/recaptcha/releases/zqB-6Xpbd3lCIvi7Tr2D0pob/recaptcha__en.js:386
[     997ms] [ERROR] The source list for the Content Security Policy directive 'connect-src' contains an invalid source: '/gateway/api/cookie-integrator/api/onetrust/jwt'. It will be ignored. @ https://www.gstatic.com/recaptcha/releases/zqB-6Xpbd3lCIvi7Tr2D0pob/recaptcha__en.js:386
[     997ms] [ERROR] The Content Security Policy directive 'sandbox' is ignored when delivered in a report-only policy. @ https://www.gstatic.com/recaptcha/releases/zqB-6Xpbd3lCIvi7Tr2D0pob/recaptcha__en.js:386
[    1006ms] [ERROR] The source list for the Content Security Policy directive 'connect-src' contains an invalid source: '/gateway/api/ais/available-products'. It will be ignored. @ https://www.gstatic.com/recaptcha/releases/zqB-6Xpbd3lCIvi7Tr2D0pob/recaptcha__en.js:386
[    1006ms] [ERROR] The source list for the Content Security Policy directive 'connect-src' contains an invalid source: '/gateway/api/cookie-integrator/api/onetrust/jwt'. It will be ignored. @ https://www.gstatic.com/recaptcha/releases/zqB-6Xpbd3lCIvi7Tr2D0pob/recaptcha__en.js:386
[    1006ms] [ERROR] The Content Security Policy directive 'sandbox' is ignored when delivered in a report-only policy. @ https://www.gstatic.com/recaptcha/releases/zqB-6Xpbd3lCIvi7Tr2D0pob/recaptcha__en.js:386
[    1028ms] [ERROR] Failed to load resource: the server responded with a status of 400 () @ https://trello.com/1/members/me?organizations=all&organization_fields=name,displayName,memberships,url,products&credits=freeTrial:0
[    1087ms] [WARNING] Deprecated API for given entry type. @ https://trello-bifrost.prod-east.frontend.public.atl-paas.net/assets/create-payload.92af2123.js:0
[    1120ms] [LOG] WebConfigClient initialized successfully. @ https://atl-global.atlassian.com/js/atl-global.min.js:78
[    1126ms] [ERROR] Unable to retrieve the configuration value for marketplace-store-onetrust-settings @ https://atl-onetrust-wrapper.atlassian.com/assets/atl-onetrust-wrapper.min.js:0
[    1132ms] [LOG] FeatureGateClient initialized successfully. @ https://atl-global.atlassian.com/js/atl-global.min.js:78
[    1136ms] [ERROR] Access to XMLHttpRequest at 'https://atl-global.atlassian.com/js/2.348.0/atl-global-2.348.0.min.js' from origin 'https://trello.com' has been blocked by CORS policy: No 'Access-Control-Allow-Origin' header is present on the requested resource. @ https://trello.com/:0
[    1136ms] [ERROR] Failed to load resource: net::ERR_FAILED @ https://atl-global.atlassian.com/js/2.348.0/atl-global-2.348.0.min.js:0
[    1229ms] [WARNING] Multiple versions of FeatureGateClients found on the current page.
      The currently bound version is 4.26.5 when module version 5.31.1 was loading. @ https://atl-global.atlassian.com/js/2.348.0/gasv3/analytics-web-client.with-deps.amd.min.js:0
[    1252ms] [WARNING]   WARN  [Statsig] The user does not have the required id_type "tenantId" for Gate "use_frontend_feature_encoding_sdk_platform" @ https://trello-bifrost.prod-east.frontend.public.atl-paas.net/assets/trello-test-page.44cd92aa.js:0
[    1310ms] [ERROR] The source list for the Content Security Policy directive 'connect-src' contains an invalid source: '/gateway/api/ais/available-products'. It will be ignored. @ https://www.gstatic.com/recaptcha/releases/zqB-6Xpbd3lCIvi7Tr2D0pob/recaptcha__en.js:802
[    1310ms] [ERROR] The source list for the Content Security Policy directive 'connect-src' contains an invalid source: '/gateway/api/cookie-integrator/api/onetrust/jwt'. It will be ignored. @ https://www.gstatic.com/recaptcha/releases/zqB-6Xpbd3lCIvi7Tr2D0pob/recaptcha__en.js:802
[    1310ms] [ERROR] The Content Security Policy directive 'sandbox' is ignored when delivered in a report-only policy. @ https://www.gstatic.com/recaptcha/releases/zqB-6Xpbd3lCIvi7Tr2D0pob/recaptcha__en.js:802
[    1312ms] [ERROR] The source list for the Content Security Policy directive 'connect-src' contains an invalid source: '/gateway/api/ais/available-products'. It will be ignored. @ https://www.gstatic.com/recaptcha/releases/zqB-6Xpbd3lCIvi7Tr2D0pob/recaptcha__en.js:802
[    1312ms] [ERROR] The source list for the Content Security Policy directive 'connect-src' contains an invalid source: '/gateway/api/cookie-integrator/api/onetrust/jwt'. It will be ignored. @ https://www.gstatic.com/recaptcha/releases/zqB-6Xpbd3lCIvi7Tr2D0pob/recaptcha__en.js:802
[    1312ms] [ERROR] The Content Security Policy directive 'sandbox' is ignored when delivered in a report-only policy. @ https://www.gstatic.com/recaptcha/releases/zqB-6Xpbd3lCIvi7Tr2D0pob/recaptcha__en.js:802
[    1338ms] [ERROR] Failed to load resource: the server responded with a status of 400 () @ https://trello.com/1/members/me?organizations=all&organization_fields=name,displayName,memberships,url,products&credits=freeTrial:0
[    1448ms] [ERROR] The source list for the Content Security Policy directive 'connect-src' contains an invalid source: '/gateway/api/ais/available-products'. It will be ignored. @ https://cdn.cookielaw.org/scripttemplates/202605.1.0/otBannerSdk.js:6
[    1448ms] [ERROR] The source list for the Content Security Policy directive 'connect-src' contains an invalid source: '/gateway/api/cookie-integrator/api/onetrust/jwt'. It will be ignored. @ https://cdn.cookielaw.org/scripttemplates/202605.1.0/otBannerSdk.js:6
[    1448ms] [ERROR] The Content Security Policy directive 'sandbox' is ignored when delivered in a report-only policy. @ https://cdn.cookielaw.org/scripttemplates/202605.1.0/otBannerSdk.js:6
[    1450ms] [ERROR] The source list for the Content Security Policy directive 'connect-src' contains an invalid source: '/gateway/api/ais/available-products'. It will be ignored. @ https://cdn.cookielaw.org/scripttemplates/202605.1.0/otBannerSdk.js:6
[    1450ms] [ERROR] The source list for the Content Security Policy directive 'connect-src' contains an invalid source: '/gateway/api/cookie-integrator/api/onetrust/jwt'. It will be ignored. @ https://cdn.cookielaw.org/scripttemplates/202605.1.0/otBannerSdk.js:6
[    1450ms] [ERROR] The Content Security Policy directive 'sandbox' is ignored when delivered in a report-only policy. @ https://cdn.cookielaw.org/scripttemplates/202605.1.0/otBannerSdk.js:6
[    1458ms] [ERROR] The source list for the Content Security Policy directive 'connect-src' contains an invalid source: '/gateway/api/ais/available-products'. It will be ignored. @ https://cdn.cookielaw.org/scripttemplates/202605.1.0/otBannerSdk.js:6
[    1458ms] [ERROR] The source list for the Content Security Policy directive 'connect-src' contains an invalid source: '/gateway/api/cookie-integrator/api/onetrust/jwt'. It will be ignored. @ https://cdn.cookielaw.org/scripttemplates/202605.1.0/otBannerSdk.js:6
[    1458ms] [ERROR] The Content Security Policy directive 'sandbox' is ignored when delivered in a report-only policy. @ https://cdn.cookielaw.org/scripttemplates/202605.1.0/otBannerSdk.js:6
[    1460ms] [ERROR] The source list for the Content Security Policy directive 'connect-src' contains an invalid source: '/gateway/api/ais/available-products'. It will be ignored. @ https://cdn.cookielaw.org/scripttemplates/202605.1.0/otBannerSdk.js:6
[    1460ms] [ERROR] The source list for the Content Security Policy directive 'connect-src' contains an invalid source: '/gateway/api/cookie-integrator/api/onetrust/jwt'. It will be ignored. @ https://cdn.cookielaw.org/scripttemplates/202605.1.0/otBannerSdk.js:6
[    1460ms] [ERROR] The Content Security Policy directive 'sandbox' is ignored when delivered in a report-only policy. @ https://cdn.cookielaw.org/scripttemplates/202605.1.0/otBannerSdk.js:6
[    1574ms] [INFO] Loading the image 'https://www.trello.com/favicon.ico' violates the following Content Security Policy directive: "img-src 'self' blob: data: atlassian.com *.atlassian.com *.cookielaw.org *.gravatar.com *.wp.com fd-assets.prod.atl-paas.net pixel.pointmediatracker.com *.frontend.public.atl-paas.net *.prod.public.atl-paas.net cnv.event.prod.bidr.io *.doubleclick.net *.clicktale.net *.bing.com rlcdn.com reddit.com quora.com *.rlcdn.com *.reddit.com *.quora.com *.ctfassets.net  *.linkedin.com *.google.com *.google.com.au *.company-target.com *.facebook.com *.google-analytics.com *.twitter.com t.co *.intercomcdn.com *.intercomassets.com *.orangelogic.com *.googletagmanager.com img.logo.dev *.atlassian.net". The policy is report-only, so the violation has been logged but no further action has been taken. @ https://trello.com/:0
